warning: usage of a third party library re-export from `leptos`
  --> $DIR/use_and_path.rs:30:17
   |
LL |     use leptos::wasm_bindgen::JsCast;
   |                 ^^^^^^^^^^^^
   |
   = help: consider using `use wasm_bindgen::JsCast` instead. For further information visit https://github.com/mondeja/rs-apps-lints/tree/main/lints/leptos-more/leptos_reexports#readme
   = note: `#[warn(leptos_reexports)]` on by default

warning: usage of a third party library re-export from `leptos`
  --> $DIR/use_and_path.rs:34:19
   |
LL |     use ::leptos::serde::Serialize;
   |                   ^^^^^
   |
   = help: consider using `use leptos::serde::Serialize` instead. For further information visit https://github.com/mondeja/rs-apps-lints/tree/main/lints/leptos-more/leptos_reexports#readme

warning: usage of a third party library re-export from `leptos`
  --> $DIR/use_and_path.rs:39:18
   |
LL |     use leptos::{wasm_bindgen, serde};
   |                  ^^^^^^^^^^^^
   |
   = help: consider using `use wasm_bindgen` instead. For further information visit https://github.com/mondeja/rs-apps-lints/tree/main/lints/leptos-more/leptos_reexports#readme

warning: usage of a third party library re-export from `leptos`
  --> $DIR/use_and_path.rs:39:32
   |
LL |     use leptos::{wasm_bindgen, serde};
   |                                ^^^^^
   |
   = help: consider using `use serde` instead. For further information visit https://github.com/mondeja/rs-apps-lints/tree/main/lints/leptos-more/leptos_reexports#readme

warning: usage of a third party library re-export from `leptos`
  --> $DIR/use_and_path.rs:41:18
   |
LL |     use {leptos::serde_json, leptos::tracing};
   |                  ^^^^^^^^^^
   |
   = help: consider using `use serde_json` instead. For further information visit https://github.com/mondeja/rs-apps-lints/tree/main/lints/leptos-more/leptos_reexports#readme

warning: usage of a third party library re-export from `leptos`
  --> $DIR/use_and_path.rs:41:38
   |
LL |     use {leptos::serde_json, leptos::tracing};
   |                                      ^^^^^^^
   |
   = help: consider using `use tracing` instead. For further information visit https://github.com/mondeja/rs-apps-lints/tree/main/lints/leptos-more/leptos_reexports#readme

warning: usage of a third party library re-export from `leptos`
  --> $DIR/use_and_path.rs:44:30
   |
LL |     use leptos::{prelude::*, web_sys::HtmlElement};
   |                              ^^^^^^^
   |
   = help: consider using `use web_sys::HtmlElement` instead. For further information visit https://github.com/mondeja/rs-apps-lints/tree/main/lints/leptos-more/leptos_reexports#readme

warning: usage of a third party library re-export from `leptos`
  --> $DIR/use_and_path.rs:49:17
   |
LL |     use leptos::web_sys::*;
   |                 ^^^^^^^
   |
   = help: consider using `use web_sys::*` instead. For further information visit https://github.com/mondeja/rs-apps-lints/tree/main/lints/leptos-more/leptos_reexports#readme

warning: usage of a third party library re-export from `leptos`
  --> $DIR/use_and_path.rs:54:5
   |
LL |     use leptos::*;
   |     ^^^^^^^^^^^^^^
   |
   = help: do not import using `leptos::*`. For further information visit https://github.com/mondeja/rs-apps-lints/tree/main/lints/leptos-more/leptos_reexports#readme

warning: usage of a third party library re-export from `leptos`
  --> $DIR/use_and_path.rs:58:5
   |
LL |     use ::leptos::*;
   |     ^^^^^^^^^^^^^^^^
   |
   = help: do not import using `leptos::*`. For further information visit https://github.com/mondeja/rs-apps-lints/tree/main/lints/leptos-more/leptos_reexports#readme

warning: usage of a third party library re-export from `leptos`
  --> $DIR/use_and_path.rs:63:21
   |
LL |     let _ = leptos::wasm_bindgen::JsCast;
   |                     ^^^^^^^^^^^^
   |
   = help: consider using `wasm_bindgen::JsCast` instead. For further information visit https://github.com/mondeja/rs-apps-lints/tree/main/lints/leptos-more/leptos_reexports#readme

warning: usage of a third party library re-export from `leptos`
  --> $DIR/use_and_path.rs:66:23
   |
LL |     let _ = ::leptos::serde::Serialize;
   |                       ^^^^^
   |
   = help: consider using `leptos::serde::Serialize` instead. For further information visit https://github.com/mondeja/rs-apps-lints/tree/main/lints/leptos-more/leptos_reexports#readme

warning: 12 warnings emitted

